Archive member included to satisfy reference by file (symbol)

/home/tinylinux/Dev/MCUXpresso_11.4.1_6260/workspace/peripherals_lib/flash/libperipherals_lib.a(i2c.o)
                              ./src/lib_ENS_II1_lcd.o (I2CmasterWrite)
/usr/local/mcuxpressoide-11.4.1_6260/ide/plugins/com.nxp.mcuxpresso.tools.linux_11.4.0.202103011116/tools/bin/../lib/gcc/arm-none-eabi/10.2.1/../../../../arm-none-eabi/lib/thumb/v6-m/nofp/libcr_semihost.a(_cr__main.o)
                              ./src/MCUXpresso_cr_startup.o (__main)
/usr/local/mcuxpressoide-11.4.1_6260/ide/plugins/com.nxp.mcuxpresso.tools.linux_11.4.0.202103011116/tools/bin/../lib/gcc/arm-none-eabi/10.2.1/../../../../arm-none-eabi/lib/thumb/v6-m/nofp/libcr_c.a(initio.o)
                              /usr/local/mcuxpressoide-11.4.1_6260/ide/plugins/com.nxp.mcuxpresso.tools.linux_11.4.0.202103011116/tools/bin/../lib/gcc/arm-none-eabi/10.2.1/../../../../arm-none-eabi/lib/thumb/v6-m/nofp/libcr_semihost.a(_cr__main.o) (_initio)
/usr/local/mcuxpressoide-11.4.1_6260/ide/plugins/com.nxp.mcuxpresso.tools.linux_11.4.0.202103011116/tools/bin/../lib/gcc/arm-none-eabi/10.2.1/../../../../arm-none-eabi/lib/thumb/v6-m/nofp/libcr_c.a(itoa.o)
                              ./src/Base_TP_II1.o (itoa)
/usr/local/mcuxpressoide-11.4.1_6260/ide/plugins/com.nxp.mcuxpresso.tools.linux_11.4.0.202103011116/tools/bin/../lib/gcc/arm-none-eabi/10.2.1/../../../../arm-none-eabi/lib/thumb/v6-m/nofp/libcr_c.a(setvbuf.o)
                              /usr/local/mcuxpressoide-11.4.1_6260/ide/plugins/com.nxp.mcuxpresso.tools.linux_11.4.0.202103011116/tools/bin/../lib/gcc/arm-none-eabi/10.2.1/../../../../arm-none-eabi/lib/thumb/v6-m/nofp/libcr_c.a(initio.o) (setvbuf)
/usr/local/mcuxpressoide-11.4.1_6260/ide/plugins/com.nxp.mcuxpresso.tools.linux_11.4.0.202103011116/tools/bin/../lib/gcc/arm-none-eabi/10.2.1/../../../../arm-none-eabi/lib/thumb/v6-m/nofp/libcr_c.a(_fdopen.o)
                              /usr/local/mcuxpressoide-11.4.1_6260/ide/plugins/com.nxp.mcuxpresso.tools.linux_11.4.0.202103011116/tools/bin/../lib/gcc/arm-none-eabi/10.2.1/../../../../arm-none-eabi/lib/thumb/v6-m/nofp/libcr_c.a(initio.o) (_fdopen)
/usr/local/mcuxpressoide-11.4.1_6260/ide/plugins/com.nxp.mcuxpresso.tools.linux_11.4.0.202103011116/tools/bin/../lib/gcc/arm-none-eabi/10.2.1/../../../../arm-none-eabi/lib/thumb/v6-m/nofp/libcr_c.a(fclose.o)
                              /usr/local/mcuxpressoide-11.4.1_6260/ide/plugins/com.nxp.mcuxpresso.tools.linux_11.4.0.202103011116/tools/bin/../lib/gcc/arm-none-eabi/10.2.1/../../../../arm-none-eabi/lib/thumb/v6-m/nofp/libcr_c.a(initio.o) (fclose)
/usr/local/mcuxpressoide-11.4.1_6260/ide/plugins/com.nxp.mcuxpresso.tools.linux_11.4.0.202103011116/tools/bin/../lib/gcc/arm-none-eabi/10.2.1/../../../../arm-none-eabi/lib/thumb/v6-m/nofp/libcr_c.a(fflush.o)
                              /usr/local/mcuxpressoide-11.4.1_6260/ide/plugins/com.nxp.mcuxpresso.tools.linux_11.4.0.202103011116/tools/bin/../lib/gcc/arm-none-eabi/10.2.1/../../../../arm-none-eabi/lib/thumb/v6-m/nofp/libcr_c.a(fclose.o) (fflush)
/usr/local/mcuxpressoide-11.4.1_6260/ide/plugins/com.nxp.mcuxpresso.tools.linux_11.4.0.202103011116/tools/bin/../lib/gcc/arm-none-eabi/10.2.1/../../../../arm-none-eabi/lib/thumb/v6-m/nofp/libcr_c.a(fseek.o)
                              /usr/local/mcuxpressoide-11.4.1_6260/ide/plugins/com.nxp.mcuxpresso.tools.linux_11.4.0.202103011116/tools/bin/../lib/gcc/arm-none-eabi/10.2.1/../../../../arm-none-eabi/lib/thumb/v6-m/nofp/libcr_c.a(_fdopen.o) (fseek)
/usr/local/mcuxpressoide-11.4.1_6260/ide/plugins/com.nxp.mcuxpresso.tools.linux_11.4.0.202103011116/tools/bin/../lib/gcc/arm-none-eabi/10.2.1/../../../../arm-none-eabi/lib/thumb/v6-m/nofp/libcr_c.a(ftell.o)
                              /usr/local/mcuxpressoide-11.4.1_6260/ide/plugins/com.nxp.mcuxpresso.tools.linux_11.4.0.202103011116/tools/bin/../lib/gcc/arm-none-eabi/10.2.1/../../../../arm-none-eabi/lib/thumb/v6-m/nofp/libcr_c.a(fseek.o) (ftell)
/usr/local/mcuxpressoide-11.4.1_6260/ide/plugins/com.nxp.mcuxpresso.tools.linux_11.4.0.202103011116/tools/bin/../lib/gcc/arm-none-eabi/10.2.1/../../../../arm-none-eabi/lib/thumb/v6-m/nofp/libcr_c.a(remove.o)
                              /usr/local/mcuxpressoide-11.4.1_6260/ide/plugins/com.nxp.mcuxpresso.tools.linux_11.4.0.202103011116/tools/bin/../lib/gcc/arm-none-eabi/10.2.1/../../../../arm-none-eabi/lib/thumb/v6-m/nofp/libcr_c.a(fclose.o) (remove)
/usr/local/mcuxpressoide-11.4.1_6260/ide/plugins/com.nxp.mcuxpresso.tools.linux_11.4.0.202103011116/tools/bin/../lib/gcc/arm-none-eabi/10.2.1/../../../../arm-none-eabi/lib/thumb/v6-m/nofp/libcr_c.a(strlen.o)
                              /usr/local/mcuxpressoide-11.4.1_6260/ide/plugins/com.nxp.mcuxpresso.tools.linux_11.4.0.202103011116/tools/bin/../lib/gcc/arm-none-eabi/10.2.1/../../../../arm-none-eabi/lib/thumb/v6-m/nofp/libcr_c.a(remove.o) (strlen)
[...]
Memory Configuration

Name             Origin             Length             Attributes
MFlash32         0x0000000000000000 0x0000000000007f80 xr
RamLoc4          0x0000000010000000 0x0000000000001000 xrw
*default*        0x0000000000000000 0xffffffffffffffff

Linker script and memory map

LOAD ./src/Base_TP_II1.o
LOAD ./src/LED.o
LOAD ./src/MCUXpresso_cr_startup.o
LOAD ./src/MCUXpresso_crp.o
LOAD ./src/MCUXpresso_mtb.o
LOAD ./src/lib_ENS_II1_lcd.o
LOAD ./src/system.o
LOAD /home/tinylinux/Dev/MCUXpresso_11.4.1_6260/workspace/peripherals_lib/flash/libperipherals_lib.a
LOAD /home/tinylinux/Dev/MCUXpresso_11.4.1_6260/workspace/utilities_lib/flash/libutilities_lib.a
START GROUP
LOAD /usr/local/mcuxpressoide-11.4.1_6260/ide/plugins/com.nxp.mcuxpresso.tools.linux_11.4.0.202103011116/tools/bin/../lib/gcc/arm-none-eabi/10.2.1/../../../../arm-none-eabi/lib/thumb/v6-m/nofp/libcr_semihost.a
LOAD /usr/local/mcuxpressoide-11.4.1_6260/ide/plugins/com.nxp.mcuxpresso.tools.linux_11.4.0.202103011116/tools/bin/../lib/gcc/arm-none-eabi/10.2.1/../../../../arm-none-eabi/lib/thumb/v6-m/nofp/libcr_c.a
LOAD /usr/local/mcuxpressoide-11.4.1_6260/ide/plugins/com.nxp.mcuxpresso.tools.linux_11.4.0.202103011116/tools/bin/../lib/gcc/arm-none-eabi/10.2.1/thumb/v6-m/nofp/libcr_eabihelpers.a
LOAD /usr/local/mcuxpressoide-11.4.1_6260/ide/plugins/com.nxp.mcuxpresso.tools.linux_11.4.0.202103011116/tools/bin/../lib/gcc/arm-none-eabi/10.2.1/thumb/v6-m/nofp/libgcc.a
END GROUP
                0x0000000000000000                __base_MFlash32 = 0x0
                0x0000000000000000                __base_Flash = 0x0
                0x0000000000007f80                __top_MFlash32 = 0x7f80
                0x0000000000007f80                __top_Flash = 0x7f80
                0x0000000010000000                __base_RamLoc4 = 0x10000000
                0x0000000010000000                __base_RAM = 0x10000000
                0x0000000010001000                __top_RamLoc4 = 0x10001000
                0x0000000010001000                __top_RAM = 0x10001000

.text           0x0000000000000000     0x126c
 FILL mask 0xff
                0x0000000000000000                __vectors_start__ = ABSOLUTE (.)
 *(.isr_vector)
 .isr_vector    0x0000000000000000       0xc0 ./src/MCUXpresso_cr_startup.o
                0x0000000000000000                g_pfnVectors
                0x00000000000000c0                . = ALIGN (0x4)
                0x00000000000000c0                __section_table_start = .
                0x00000000000000c0                __data_section_table = .
                0x00000000000000c0        0x4 LONG 0x126c LOADADDR (.data)
                0x00000000000000c4        0x4 LONG 0x10000000 ADDR (.data)
                0x00000000000000c8        0x4 LONG 0x0 SIZEOF (.data)
                0x00000000000000cc                __data_section_table_end = .
                0x00000000000000cc                __bss_section_table = .
                0x00000000000000cc        0x4 LONG 0x10000000 ADDR (.bss)
                0x00000000000000d0        0x4 LONG 0x1fc SIZEOF (.bss)
                0x00000000000000d4                __bss_section_table_end = .
                0x00000000000000d4                __section_table_end = .
 *(.after_vectors*)
 .after_vectors
                0x00000000000000d4      0x11c ./src/MCUXpresso_cr_startup.o
                0x00000000000000d4                data_init
                0x0000000000000116                bss_init
                0x000000000000014c                ResetISR
                0x00000000000001cc                NMI_Handler
                0x00000000000001d2                HardFault_Handler
                0x00000000000001d8                SVC_Handler
                0x00000000000001de                PendSV_Handler
                0x00000000000001e4                SysTick_Handler
                0x00000000000001ea                CMP_IRQHandler
                0x00000000000001ea                PININT7_IRQHandler
                0x00000000000001ea                I2C0_IRQHandler
                0x00000000000001ea                WKT_IRQHandler
                0x00000000000001ea                PININT2_IRQHandler
                0x00000000000001ea                PININT1_IRQHandler
                0x00000000000001ea                MRT_IRQHandler
                0x00000000000001ea                I2C1_IRQHandler
                0x00000000000001ea                UART1_IRQHandler
                0x00000000000001ea                ADC_SEQB_IRQHandler
                0x00000000000001ea                UART0_IRQHandler
                0x00000000000001ea                IntDefaultHandler
                0x00000000000001ea                ADC_OVR_IRQHandler
                0x00000000000001ea                PININT3_IRQHandler
                0x00000000000001ea                PININT5_IRQHandler
                0x00000000000001ea                PININT4_IRQHandler
                0x00000000000001ea                ADC_THCMP_IRQHandler
                0x00000000000001ea                PININT0_IRQHandler
                0x00000000000001ea                BOD_IRQHandler
                0x00000000000001ea                WDT_IRQHandler
                0x00000000000001ea                ADC_SEQA_IRQHandler
                0x00000000000001ea                DAC0_IRQHandler
                0x00000000000001ea                PININT6_IRQHandler
                0x00000000000001ea                SPI0_IRQHandler
                0x00000000000001ea                FLASH_IRQHandler
                0x00000000000001ea                CTIMER0_IRQHandler
                0x00000000000002fc                . = 0x2fc
 *fill*         0x00000000000001f0      0x10c ff
                0x00000000000002fc                PROVIDE (__CRP_WORD_START__ = .)
 *(.crp)
 .crp           0x00000000000002fc        0x4 ./src/MCUXpresso_crp.o
                0x00000000000002fc                CRP_WORD
                0x0000000000000300                PROVIDE (__CRP_WORD_END__ = .)
                0x0000000000000001                ASSERT (! ((__CRP_WORD_START__ == __CRP_WORD_END__)), Linker CRP Enabled, but no CRP_WORD provided within application)
 *(.text*)
 .text.change_menu
                0x0000000000000300       0xc8 ./src/Base_TP_II1.o
                0x0000000000000300                change_menu
 .text.modify_menu
                0x00000000000003c8      0x150 ./src/Base_TP_II1.o
                0x00000000000003c8                modify_menu
 .text.main     0x0000000000000518      0x190 ./src/Base_TP_II1.o
                0x0000000000000518                main
 .text.init_lcd
                0x00000000000006a8      0x2bc ./src/lib_ENS_II1_lcd.o
                0x00000000000006a8                init_lcd
 .text.lcd_puts
                0x0000000000000964       0x64 ./src/lib_ENS_II1_lcd.o
                0x0000000000000964                lcd_puts
 .text.lcd_position
                0x00000000000009c8       0x84 ./src/lib_ENS_II1_lcd.o
                0x00000000000009c8                lcd_position
 .text.SystemInit
                0x0000000000000a4c       0x90 ./src/system.o
                0x0000000000000a4c                SystemInit
 .text.I2CmasterWrite
                0x0000000000000adc       0x78 /home/tinylinux/Dev/MCUXpresso_11.4.1_6260/workspace/peripherals_lib/flash/libperipherals_lib.a(i2c.o)
                0x0000000000000adc                I2CmasterWrite
 .text.WaitI2CMasterState
                0x0000000000000b54       0x22 /home/tinylinux/Dev/MCUXpresso_11.4.1_6260/workspace/peripherals_lib/flash/libperipherals_lib.a(i2c.o)
                0x0000000000000b54                WaitI2CMasterState
 .text.__main   0x0000000000000b76        0xc /usr/local/mcuxpressoide-11.4.1_6260/ide/plugins/com.nxp.mcuxpresso.tools.linux_11.4.0.202103011116/tools/bin/../lib/gcc/arm-none-eabi/10.2.1/../../../../arm-none-eabi/lib/thumb/v6-m/nofp/libcr_semihost.a(_cr__main.o)
                0x0000000000000b76                __main
                0x0000000000000b76                __CR_SEMIHOST
 *fill*         0x0000000000000b82        0x2 ff
 .text._initio  0x0000000000000b84       0x7c /usr/local/mcuxpressoide-11.4.1_6260/ide/plugins/com.nxp.mcuxpresso.tools.linux_11.4.0.202103011116/tools/bin/../lib/gcc/arm-none-eabi/10.2.1/../../../../arm-none-eabi/lib/thumb/v6-m/nofp/libcr_c.a(initio.o)
                0x0000000000000b84                _initio
 .text.itoa     0x0000000000000c00       0x60 /usr/local/mcuxpressoide-11.4.1_6260/ide/plugins/com.nxp.mcuxpresso.tools.linux_11.4.0.202103011116/tools/bin/../lib/gcc/arm-none-eabi/10.2.1/../../../../arm-none-eabi/lib/thumb/v6-m/nofp/libcr_c.a(itoa.o)
                0x0000000000000c00                itoa
 .text.setvbuf  0x0000000000000c60       0x4c /usr/local/mcuxpressoide-11.4.1_6260/ide/plugins/com.nxp.mcuxpresso.tools.linux_11.4.0.202103011116/tools/bin/../lib/gcc/arm-none-eabi/10.2.1/../../../../arm-none-eabi/lib/thumb/v6-m/nofp/libcr_c.a(setvbuf.o)
                0x0000000000000c60                setvbuf
 .text._fdopen  0x0000000000000cac       0x74 /usr/local/mcuxpressoide-11.4.1_6260/ide/plugins/com.nxp.mcuxpresso.tools.linux_11.4.0.202103011116/tools/bin/../lib/gcc/arm-none-eabi/10.2.1/../../../../arm-none-eabi/lib/thumb/v6-m/nofp/libcr_c.a(_fdopen.o)
                0x0000000000000cac                _fdopen
 .text.fclose   0x0000000000000d20       0x5c /usr/local/mcuxpressoide-11.4.1_6260/ide/plugins/com.nxp.mcuxpresso.tools.linux_11.4.0.202103011116/tools/bin/../lib/gcc/arm-none-eabi/10.2.1/../../../../arm-none-eabi/lib/thumb/v6-m/nofp/libcr_c.a(fclose.o)
                0x0000000000000d20                fclose
 .text.fflush   0x0000000000000d7c       0x44 /usr/local/mcuxpressoide-11.4.1_6260/ide/plugins/com.nxp.mcuxpresso.tools.linux_11.4.0.202103011116/tools/bin/../lib/gcc/arm-none-eabi/10.2.1/../../../../arm-none-eabi/lib/thumb/v6-m/nofp/libcr_c.a(fflush.o)
                0x0000000000000d7c                fflush
 .text.fseek    0x0000000000000dc0       0xf0 /usr/local/mcuxpressoide-11.4.1_6260/ide/plugins/com.nxp.mcuxpresso.tools.linux_11.4.0.202103011116/tools/bin/../lib/gcc/arm-none-eabi/10.2.1/../../../../arm-none-eabi/lib/thumb/v6-m/nofp/libcr_c.a(fseek.o)
                0x0000000000000dc0                fseek
 .text.ftell    0x0000000000000eb0       0x48 /usr/local/mcuxpressoide-11.4.1_6260/ide/plugins/com.nxp.mcuxpresso.tools.linux_11.4.0.202103011116/tools/bin/../lib/gcc/arm-none-eabi/10.2.1/../../../../arm-none-eabi/lib/thumb/v6-m/nofp/libcr_c.a(ftell.o)
                0x0000000000000eb0                ftell
 .text.remove   0x0000000000000ef8       0x12 /usr/local/mcuxpressoide-11.4.1_6260/ide/plugins/com.nxp.mcuxpresso.tools.linux_11.4.0.202103011116/tools/bin/../lib/gcc/arm-none-eabi/10.2.1/../../../../arm-none-eabi/lib/thumb/v6-m/nofp/libcr_c.a(remove.o)
                0x0000000000000ef8                remove
 *fill*         0x0000000000000f0a        0x2 ff
 .text.strlen   0x0000000000000f0c       0x58 /usr/local/mcuxpressoide-11.4.1_6260/ide/plugins/com.nxp.mcuxpresso.tools.linux_11.4.0.202103011116/tools/bin/../lib/gcc/arm-none-eabi/10.2.1/../../../../arm-none-eabi/lib/thumb/v6-m/nofp/libcr_c.a(strlen.o)
                0x0000000000000f0c                strlen
 .text.memset   0x0000000000000f64        0x8 /usr/local/mcuxpressoide-11.4.1_6260/ide/plugins/com.nxp.mcuxpresso.tools.linux_11.4.0.202103011116/tools/bin/../lib/gcc/arm-none-eabi/10.2.1/../../../../arm-none-eabi/lib/thumb/v6-m/nofp/libcr_c.a(memset.o)
                0x0000000000000f64                memset
 .text._do_fflush
                0x0000000000000f6c       0x48 /usr/local/mcuxpressoide-11.4.1_6260/ide/plugins/com.nxp.mcuxpresso.tools.linux_11.4.0.202103011116/tools/bin/../lib/gcc/arm-none-eabi/10.2.1/../../../../arm-none-eabi/lib/thumb/v6-m/nofp/libcr_c.a(_do_fflush.o)
                0x0000000000000f6c                _do_fflush
 .text._fflush  0x0000000000000fb4       0x60 /usr/local/mcuxpressoide-11.4.1_6260/ide/plugins/com.nxp.mcuxpresso.tools.linux_11.4.0.202103011116/tools/bin/../lib/gcc/arm-none-eabi/10.2.1/../../../../arm-none-eabi/lib/thumb/v6-m/nofp/libcr_c.a(_fflush.o)
                0x0000000000000fb4                _fflush
 .text._Cwritebuf
                0x0000000000001014       0x68 /usr/local/mcuxpressoide-11.4.1_6260/ide/plugins/com.nxp.mcuxpresso.tools.linux_11.4.0.202103011116/tools/bin/../lib/gcc/arm-none-eabi/10.2.1/../../../../arm-none-eabi/lib/thumb/v6-m/nofp/libcr_c.a(_writebuf.o)
                0x0000000000001014                _Cwritebuf
 .text.free     0x000000000000107c       0x2c /usr/local/mcuxpressoide-11.4.1_6260/ide/plugins/com.nxp.mcuxpresso.tools.linux_11.4.0.202103011116/tools/bin/../lib/gcc/arm-none-eabi/10.2.1/../../../../arm-none-eabi/lib/thumb/v6-m/nofp/libcr_c.a(alloc.o)
                0x000000000000107c                free
 .text._deferredlazyseek
                0x00000000000010a8       0x40 /usr/local/mcuxpressoide-11.4.1_6260/ide/plugins/com.nxp.mcuxpresso.tools.linux_11.4.0.202103011116/tools/bin/../lib/gcc/arm-none-eabi/10.2.1/../../../../arm-none-eabi/lib/thumb/v6-m/nofp/libcr_c.a(_deferredlazyseek.o)
                0x00000000000010a8                _deferredlazyseek
 .text.__aeabi_division_idivmod
                0x00000000000010e8       0x78 /usr/local/mcuxpressoide-11.4.1_6260/ide/plugins/com.nxp.mcuxpresso.tools.linux_11.4.0.202103011116/tools/bin/../lib/gcc/arm-none-eabi/10.2.1/thumb/v6-m/nofp/libcr_eabihelpers.a(division_32.o)
                0x00000000000010e8                __aeabi_idiv
                0x00000000000010e8                __aeabi_idivmod
                0x00000000000010ee                __aeabi_uidiv
                0x00000000000010ee                __aeabi_uidivmod
 .text.__aeabi_division_idiv0
                0x0000000000001160        0x2 /usr/local/mcuxpressoide-11.4.1_6260/ide/plugins/com.nxp.mcuxpresso.tools.linux_11.4.0.202103011116/tools/bin/../lib/gcc/arm-none-eabi/10.2.1/thumb/v6-m/nofp/libcr_eabihelpers.a(division_idiv0.o)
                0x0000000000001160                __aeabi_idiv0
 .text.__aeabi_memset_lowlevel
                0x0000000000001162       0x2a /usr/local/mcuxpressoide-11.4.1_6260/ide/plugins/com.nxp.mcuxpresso.tools.linux_11.4.0.202103011116/tools/bin/../lib/gcc/arm-none-eabi/10.2.1/thumb/v6-m/nofp/libcr_eabihelpers.a(memcpy.o)
                0x0000000000001162                __aeabi_lowlevel_memset
 .text.__sys_close
                0x000000000000118c        0xc /usr/local/mcuxpressoide-11.4.1_6260/ide/plugins/com.nxp.mcuxpresso.tools.linux_11.4.0.202103011116/tools/bin/../lib/gcc/arm-none-eabi/10.2.1/../../../../arm-none-eabi/lib/thumb/v6-m/nofp/libcr_semihost.a(__sys_close.o)
                0x000000000000118c                __sys_close
 .text.__sys_flen
                0x0000000000001198        0xc /usr/local/mcuxpressoide-11.4.1_6260/ide/plugins/com.nxp.mcuxpresso.tools.linux_11.4.0.202103011116/tools/bin/../lib/gcc/arm-none-eabi/10.2.1/../../../../arm-none-eabi/lib/thumb/v6-m/nofp/libcr_semihost.a(__sys_flen.o)
                0x0000000000001198                __sys_flen
 .text.__sys_istty
                0x00000000000011a4        0xc /usr/local/mcuxpressoide-11.4.1_6260/ide/plugins/com.nxp.mcuxpresso.tools.linux_11.4.0.202103011116/tools/bin/../lib/gcc/arm-none-eabi/10.2.1/../../../../arm-none-eabi/lib/thumb/v6-m/nofp/libcr_semihost.a(__sys_istty.o)
                0x00000000000011a4                __sys_istty
 .text.__sys_remove
                0x00000000000011b0        0xc /usr/local/mcuxpressoide-11.4.1_6260/ide/plugins/com.nxp.mcuxpresso.tools.linux_11.4.0.202103011116/tools/bin/../lib/gcc/arm-none-eabi/10.2.1/../../../../arm-none-eabi/lib/thumb/v6-m/nofp/libcr_semihost.a(__sys_remove.o)
                0x00000000000011b0                __sys_remove
 .text.__sys_seek
                0x00000000000011bc        0xc /usr/local/mcuxpressoide-11.4.1_6260/ide/plugins/com.nxp.mcuxpresso.tools.linux_11.4.0.202103011116/tools/bin/../lib/gcc/arm-none-eabi/10.2.1/../../../../arm-none-eabi/lib/thumb/v6-m/nofp/libcr_semihost.a(__sys_seek.o)
                0x00000000000011bc                __sys_seek
 .text.__sys_tmpnam
                0x00000000000011c8        0xc /usr/local/mcuxpressoide-11.4.1_6260/ide/plugins/com.nxp.mcuxpresso.tools.linux_11.4.0.202103011116/tools/bin/../lib/gcc/arm-none-eabi/10.2.1/../../../../arm-none-eabi/lib/thumb/v6-m/nofp/libcr_semihost.a(__sys_tmpnam.o)
                0x00000000000011c8                __sys_tmpnam
 .text.__sys_write
                0x00000000000011d4        0xc /usr/local/mcuxpressoide-11.4.1_6260/ide/plugins/com.nxp.mcuxpresso.tools.linux_11.4.0.202103011116/tools/bin/../lib/gcc/arm-none-eabi/10.2.1/../../../../arm-none-eabi/lib/thumb/v6-m/nofp/libcr_semihost.a(__sys_write.o)
                0x00000000000011d4                __sys_write
 *(.rodata .rodata.* .constdata .constdata.*)
 .rodata.change_menu.str1.4
                0x00000000000011e0       0x45 ./src/Base_TP_II1.o
 *fill*         0x0000000000001225        0x3 ff
 .rodata.modify_menu.str1.4
                0x0000000000001228       0x16 ./src/Base_TP_II1.o
 *fill*         0x000000000000123e        0x2 ff
 .rodata.main.str1.4
                0x0000000000001240       0x11 ./src/Base_TP_II1.o
 .rodata._initio.str1.1
                0x0000000000001251        0x4 /usr/local/mcuxpressoide-11.4.1_6260/ide/plugins/com.nxp.mcuxpresso.tools.linux_11.4.0.202103011116/tools/bin/../lib/gcc/arm-none-eabi/10.2.1/../../../../arm-none-eabi/lib/thumb/v6-m/nofp/libcr_c.a(initio.o)
 .rodata.digits
                0x0000000000001255       0x11 /usr/local/mcuxpressoide-11.4.1_6260/ide/plugins/com.nxp.mcuxpresso.tools.linux_11.4.0.202103011116/tools/bin/../lib/gcc/arm-none-eabi/10.2.1/../../../../arm-none-eabi/lib/thumb/v6-m/nofp/libcr_c.a(itoa.o)
 *fill*         0x0000000000001266        0x2 ff
 .rodata.__num_Ciob_streams
                0x0000000000001268        0x4 /usr/local/mcuxpressoide-11.4.1_6260/ide/plugins/com.nxp.mcuxpresso.tools.linux_11.4.0.202103011116/tools/bin/../lib/gcc/arm-none-eabi/10.2.1/../../../../arm-none-eabi/lib/thumb/v6-m/nofp/libcr_semihost.a(__ciob.o)
                0x0000000000001268                __num_Ciob_streams
                0x000000000000126c                . = ALIGN (0x4)

.glue_7         0x000000000000126c        0x0
 .glue_7        0x000000000000126c        0x0 linker stubs

.glue_7t        0x000000000000126c        0x0
 .glue_7t       0x000000000000126c        0x0 linker stubs

.vfp11_veneer   0x000000000000126c        0x0
 .vfp11_veneer  0x000000000000126c        0x0 linker stubs

.v4_bx          0x000000000000126c        0x0
 .v4_bx         0x000000000000126c        0x0 linker stubs

.iplt           0x000000000000126c        0x0
 .iplt          0x000000000000126c        0x0 ./src/Base_TP_II1.o

.rel.dyn        0x000000000000126c        0x0
 .rel.iplt      0x000000000000126c        0x0 ./src/Base_TP_II1.o

.ARM.extab
 *(.ARM.extab* .gnu.linkonce.armextab.*)

.ARM.exidx      0x000000000000126c        0x0
                0x000000000000126c                __exidx_start = .
 *(.ARM.exidx* .gnu.linkonce.armexidx.*)
                0x000000000000126c                __exidx_end = .
                0x000000000000126c                _etext = .

.uninit_RESERVED
                0x0000000010000000        0x0
                0x0000000010000000                _start_uninit_RESERVED = .
 *(.bss.$RESERVED*)
                0x0000000010000000                . = ALIGN (0x4)
                0x0000000010000000                _end_uninit_RESERVED = .

.data           0x0000000010000000        0x0 load address 0x000000000000126c
 FILL mask 0xff
                0x0000000010000000                _data = .
                [!provide]                        PROVIDE (__start_data_RAM = .)
                [!provide]                        PROVIDE (__start_data_RamLoc4 = .)
 *(vtable)
 *(.ramfunc*)
 *(CodeQuickAccess)
 *(DataQuickAccess)
 *(RamFunction)
 *(.data*)
                0x0000000010000000                . = ALIGN (0x4)
                0x0000000010000000                _edata = .
                [!provide]                        PROVIDE (__end_data_RAM = .)
                [!provide]                        PROVIDE (__end_data_RamLoc4 = .)

.igot.plt       0x0000000010000000        0x0 load address 0x000000000000126c
 .igot.plt      0x0000000010000000        0x0 ./src/Base_TP_II1.o

.bss            0x0000000010000000      0x1fc
                0x0000000010000000                _bss = .
                [!provide]                        PROVIDE (__start_bss_RAM = .)
                [!provide]                        PROVIDE (__start_bss_RamLoc4 = .)
 *(.bss*)
 .bss.etat_bouton1_before
                0x0000000010000000        0x1 ./src/Base_TP_II1.o
                0x0000000010000000                etat_bouton1_before
 .bss.etat_bouton1_now
                0x0000000010000001        0x1 ./src/Base_TP_II1.o
                0x0000000010000001                etat_bouton1_now
 .bss.etat_bouton2_before
                0x0000000010000002        0x1 ./src/Base_TP_II1.o
                0x0000000010000002                etat_bouton2_before
 .bss.etat_bouton2_now
                0x0000000010000003        0x1 ./src/Base_TP_II1.o
                0x0000000010000003                etat_bouton2_now
 .bss.tempo     0x0000000010000004        0x1 ./src/Base_TP_II1.o
                0x0000000010000004                tempo
 .bss.menu      0x0000000010000005        0x1 ./src/Base_TP_II1.o
                0x0000000010000005                menu
 .bss.modeauto  0x0000000010000006        0x1 ./src/Base_TP_II1.o
                0x0000000010000006                modeauto
 *fill*         0x0000000010000007        0x1 
 .bss.periode   0x0000000010000008        0x4 ./src/Base_TP_II1.o
                0x0000000010000008                periode
 .bss.captLED1  0x000000001000000c        0x1 ./src/Base_TP_II1.o
                0x000000001000000c                captLED1
 *fill*         0x000000001000000d        0x3 
 .bss.tempodispl
                0x0000000010000010        0x5 ./src/Base_TP_II1.o
                0x0000000010000010                tempodispl
 *fill*         0x0000000010000015        0x3 
 .bss.errno     0x0000000010000018        0x4 /usr/local/mcuxpressoide-11.4.1_6260/ide/plugins/com.nxp.mcuxpresso.tools.linux_11.4.0.202103011116/tools/bin/../lib/gcc/arm-none-eabi/10.2.1/../../../../arm-none-eabi/lib/thumb/v6-m/nofp/libcr_c.a(errno.o)
                0x0000000010000018                errno
 .bss.__Ciob    0x000000001000001c      0x1e0 /usr/local/mcuxpressoide-11.4.1_6260/ide/plugins/com.nxp.mcuxpresso.tools.linux_11.4.0.202103011116/tools/bin/../lib/gcc/arm-none-eabi/10.2.1/../../../../arm-none-eabi/lib/thumb/v6-m/nofp/libcr_semihost.a(__ciob.o)
                0x000000001000001c                __Ciob
 *(COMMON)
                0x00000000100001fc                . = ALIGN (0x4)
                0x00000000100001fc                _ebss = .
                [!provide]                        PROVIDE (__end_bss_RAM = .)
                [!provide]                        PROVIDE (__end_bss_RamLoc4 = .)
                [!provide]                        PROVIDE (end = .)

.noinit         0x00000000100001fc        0x0
                0x00000000100001fc                _noinit = .
                [!provide]                        PROVIDE (__start_noinit_RAM = .)
                [!provide]                        PROVIDE (__start_noinit_RamLoc4 = .)
 *(.noinit*)
                0x00000000100001fc                . = ALIGN (0x4)
                0x00000000100001fc                _end_noinit = .
                [!provide]                        PROVIDE (__end_noinit_RAM = .)
                [!provide]                        PROVIDE (__end_noinit_RamLoc4 = .)
                0x00000000100001fc                PROVIDE (_pvHeapStart = DEFINED (__user_heap_base)?__user_heap_base:.)
                0x0000000010001000                PROVIDE (_vStackTop = DEFINED (__user_stack_top)?__user_stack_top:(__top_RamLoc4 - 0x0))
                0xffffffffefffeb13                PROVIDE (__valid_user_code_checksum = (0x0 - (((_vStackTop + (ResetISR + 0x1)) + (DEFINED (NMI_Handler)?NMI_Handler:M0_NMI_Handler + 0x1)) + (DEFINED (HardFault_Handler)?HardFault_Handler:M0_HardFault_Handler + 0x1))))
                0x0000000000000000                _image_start = LOADADDR (.text)
                0x000000000000126c                _image_end = (LOADADDR (.data) + SIZEOF (.data))
                0x000000000000126c                _image_size = (_image_end - _image_start)
OUTPUT(Base_TP_II1.axf elf32-littlearm)
LOAD linker stubs

.debug_info     0x0000000000000000     0x2826
 .debug_info    0x0000000000000000      0xded ./src/Base_TP_II1.o
 .debug_info    0x0000000000000ded      0x232 ./src/MCUXpresso_cr_startup.o
 .debug_info    0x000000000000101f       0x40 ./src/MCUXpresso_crp.o
 .debug_info    0x000000000000105f      0xbe6 ./src/lib_ENS_II1_lcd.o
 .debug_info    0x0000000000001c45      0x8a1 ./src/system.o
 .debug_info    0x00000000000024e6      0x340 /home/tinylinux/Dev/MCUXpresso_11.4.1_6260/workspace/peripherals_lib/flash/libperipherals_lib.a(i2c.o)

.debug_abbrev   0x0000000000000000      0x887
 .debug_abbrev  0x0000000000000000      0x220 ./src/Base_TP_II1.o
 .debug_abbrev  0x0000000000000220      0x122 ./src/MCUXpresso_cr_startup.o
 .debug_abbrev  0x0000000000000342       0x38 ./src/MCUXpresso_crp.o
 .debug_abbrev  0x000000000000037a      0x1ff ./src/lib_ENS_II1_lcd.o
 .debug_abbrev  0x0000000000000579      0x1ae ./src/system.o
 .debug_abbrev  0x0000000000000727      0x160 /home/tinylinux/Dev/MCUXpresso_11.4.1_6260/workspace/peripherals_lib/flash/libperipherals_lib.a(i2c.o)

.debug_aranges  0x0000000000000000      0x148
 .debug_aranges
                0x0000000000000000       0x30 ./src/Base_TP_II1.o
 .debug_aranges
                0x0000000000000030       0x60 ./src/MCUXpresso_cr_startup.o
 .debug_aranges
                0x0000000000000090       0x18 ./src/MCUXpresso_crp.o
 .debug_aranges
                0x00000000000000a8       0x40 ./src/lib_ENS_II1_lcd.o
 .debug_aranges
                0x00000000000000e8       0x28 ./src/system.o
 .debug_aranges
                0x0000000000000110       0x38 /home/tinylinux/Dev/MCUXpresso_11.4.1_6260/workspace/peripherals_lib/flash/libperipherals_lib.a(i2c.o)

.debug_ranges   0x0000000000000000       0xe0
 .debug_ranges  0x0000000000000000       0x20 ./src/Base_TP_II1.o
 .debug_ranges  0x0000000000000020       0x50 ./src/MCUXpresso_cr_startup.o
 .debug_ranges  0x0000000000000070       0x30 ./src/lib_ENS_II1_lcd.o
 .debug_ranges  0x00000000000000a0       0x18 ./src/system.o
 .debug_ranges  0x00000000000000b8       0x28 /home/tinylinux/Dev/MCUXpresso_11.4.1_6260/workspace/peripherals_lib/flash/libperipherals_lib.a(i2c.o)

.debug_macro    0x0000000000000000     0x322b
 .debug_macro   0x0000000000000000       0xd1 ./src/Base_TP_II1.o
 .debug_macro   0x00000000000000d1      0xa6c ./src/Base_TP_II1.o
 .debug_macro   0x0000000000000b3d       0x28 ./src/Base_TP_II1.o
 .debug_macro   0x0000000000000b65       0x3a ./src/Base_TP_II1.o
 .debug_macro   0x0000000000000b9f       0x10 ./src/Base_TP_II1.o
 .debug_macro   0x0000000000000baf      0x12e ./src/Base_TP_II1.o
 .debug_macro   0x0000000000000cdd      0x5b3 ./src/Base_TP_II1.o
 .debug_macro   0x0000000000001290      0x241 ./src/Base_TP_II1.o
 .debug_macro   0x00000000000014d1      0x1a8 ./src/Base_TP_II1.o
 .debug_macro   0x0000000000001679      0x1dd ./src/Base_TP_II1.o
 .debug_macro   0x0000000000001856       0x1c ./src/Base_TP_II1.o
 .debug_macro   0x0000000000001872       0x22 ./src/Base_TP_II1.o
 .debug_macro   0x0000000000001894       0xd8 ./src/Base_TP_II1.o
 .debug_macro   0x000000000000196c      0x196 ./src/Base_TP_II1.o
 .debug_macro   0x0000000000001b02       0x1d ./src/MCUXpresso_cr_startup.o
 .debug_macro   0x0000000000001b1f       0x1a ./src/MCUXpresso_crp.o
 .debug_macro   0x0000000000001b39       0x34 ./src/MCUXpresso_crp.o
 .debug_macro   0x0000000000001b6d       0xc5 ./src/lib_ENS_II1_lcd.o
 .debug_macro   0x0000000000001c32       0x4c ./src/lib_ENS_II1_lcd.o
 .debug_macro   0x0000000000001c7e      0x39c ./src/lib_ENS_II1_lcd.o
 .debug_macro   0x000000000000201a       0xe8 ./src/lib_ENS_II1_lcd.o
 .debug_macro   0x0000000000002102       0xfd ./src/system.o
 .debug_macro   0x00000000000021ff      0x3a2 ./src/system.o
 .debug_macro   0x00000000000025a1       0x5e ./src/system.o
 .debug_macro   0x00000000000025ff       0x40 ./src/system.o
 .debug_macro   0x000000000000263f       0xeb ./src/system.o
 .debug_macro   0x000000000000272a       0x9b /home/tinylinux/Dev/MCUXpresso_11.4.1_6260/workspace/peripherals_lib/flash/libperipherals_lib.a(i2c.o)
 .debug_macro   0x00000000000027c5      0xa66 /home/tinylinux/Dev/MCUXpresso_11.4.1_6260/workspace/peripherals_lib/flash/libperipherals_lib.a(i2c.o)

.debug_line     0x0000000000000000     0x1493
 .debug_line    0x0000000000000000      0x497 ./src/Base_TP_II1.o
 .debug_line    0x0000000000000497      0x13a ./src/MCUXpresso_cr_startup.o
 .debug_line    0x00000000000005d1       0xc0 ./src/MCUXpresso_crp.o
 .debug_line    0x0000000000000691      0x564 ./src/lib_ENS_II1_lcd.o
 .debug_line    0x0000000000000bf5      0x42a ./src/system.o
 .debug_line    0x000000000000101f      0x474 /home/tinylinux/Dev/MCUXpresso_11.4.1_6260/workspace/peripherals_lib/flash/libperipherals_lib.a(i2c.o)

.debug_str      0x0000000000000000     0x8471
 .debug_str     0x0000000000000000     0x6c8e ./src/Base_TP_II1.o
                                       0x6d4b (size before relaxing)
 .debug_str     0x0000000000006c8e      0x17b ./src/MCUXpresso_cr_startup.o
                                       0x2dee (size before relaxing)
 .debug_str     0x0000000000006e09       0xf4 ./src/MCUXpresso_crp.o
                                       0x2d61 (size before relaxing)
 .debug_str     0x0000000000006efd      0xc98 ./src/lib_ENS_II1_lcd.o
                                       0x7491 (size before relaxing)
 .debug_str     0x0000000000007b95      0x802 ./src/system.o
                                       0x72db (size before relaxing)
 .debug_str     0x0000000000008397       0xda /home/tinylinux/Dev/MCUXpresso_11.4.1_6260/workspace/peripherals_lib/flash/libperipherals_lib.a(i2c.o)
                                       0x6674 (size before relaxing)

.comment        0x0000000000000000       0x4d
 .comment       0x0000000000000000       0x4d ./src/Base_TP_II1.o
                                         0x4e (size before relaxing)
 .comment       0x000000000000004d       0x4e ./src/MCUXpresso_cr_startup.o
 .comment       0x000000000000004d       0x4e ./src/MCUXpresso_crp.o
 .comment       0x000000000000004d       0x4e ./src/lib_ENS_II1_lcd.o
 .comment       0x000000000000004d       0x4e ./src/system.o
 .comment       0x000000000000004d       0x4e /home/tinylinux/Dev/MCUXpresso_11.4.1_6260/workspace/peripherals_lib/flash/libperipherals_lib.a(i2c.o)
 .comment       0x000000000000004d       0x4e /usr/local/mcuxpressoide-11.4.1_6260/ide/plugins/com.nxp.mcuxpresso.tools.linux_11.4.0.202103011116/tools/bin/../lib/gcc/arm-none-eabi/10.2.1/../../../../arm-none-eabi/lib/thumb/v6-m/nofp/libcr_semihost.a(_cr__main.o)
 .comment       0x000000000000004d       0x4e /usr/local/mcuxpressoide-11.4.1_6260/ide/plugins/com.nxp.mcuxpresso.tools.linux_11.4.0.202103011116/tools/bin/../lib/gcc/arm-none-eabi/10.2.1/../../../../arm-none-eabi/lib/thumb/v6-m/nofp/libcr_c.a(initio.o)
 .comment       0x000000000000004d       0x4e /usr/local/mcuxpressoide-11.4.1_6260/ide/plugins/com.nxp.mcuxpresso.tools.linux_11.4.0.202103011116/tools/bin/../lib/gcc/arm-none-eabi/10.2.1/../../../../arm-none-eabi/lib/thumb/v6-m/nofp/libcr_c.a(itoa.o)
 .comment       0x000000000000004d       0x4e /usr/local/mcuxpressoide-11.4.1_6260/ide/plugins/com.nxp.mcuxpresso.tools.linux_11.4.0.202103011116/tools/bin/../lib/gcc/arm-none-eabi/10.2.1/../../../../arm-none-eabi/lib/thumb/v6-m/nofp/libcr_c.a(setvbuf.o)
 .comment       0x000000000000004d       0x4e /usr/local/mcuxpressoide-11.4.1_6260/ide/plugins/com.nxp.mcuxpresso.tools.linux_11.4.0.202103011116/tools/bin/../lib/gcc/arm-none-eabi/10.2.1/../../../../arm-none-eabi/lib/thumb/v6-m/nofp/libcr_c.a(_fdopen.o)
 .comment       0x000000000000004d       0x4e /usr/local/mcuxpressoide-11.4.1_6260/ide/plugins/com.nxp.mcuxpresso.tools.linux_11.4.0.202103011116/tools/bin/../lib/gcc/arm-none-eabi/10.2.1/../../../../arm-none-eabi/lib/thumb/v6-m/nofp/libcr_c.a(fclose.o)
 .comment       0x000000000000004d       0x4e /usr/local/mcuxpressoide-11.4.1_6260/ide/plugins/com.nxp.mcuxpresso.tools.linux_11.4.0.202103011116/tools/bin/../lib/gcc/arm-none-eabi/10.2.1/../../../../arm-none-eabi/lib/thumb/v6-m/nofp/libcr_c.a(fflush.o)
 .comment       0x000000000000004d       0x4e /usr/local/mcuxpressoide-11.4.1_6260/ide/plugins/com.nxp.mcuxpresso.tools.linux_11.4.0.202103011116/tools/bin/../lib/gcc/arm-none-eabi/10.2.1/../../../../arm-none-eabi/lib/thumb/v6-m/nofp/libcr_c.a(fseek.o)
 .comment       0x000000000000004d       0x4e /usr/local/mcuxpressoide-11.4.1_6260/ide/plugins/com.nxp.mcuxpresso.tools.linux_11.4.0.202103011116/tools/bin/../lib/gcc/arm-none-eabi/10.2.1/../../../../arm-none-eabi/lib/thumb/v6-m/nofp/libcr_c.a(ftell.o)
 .comment       0x000000000000004d       0x4e /usr/local/mcuxpressoide-11.4.1_6260/ide/plugins/com.nxp.mcuxpresso.tools.linux_11.4.0.202103011116/tools/bin/../lib/gcc/arm-none-eabi/10.2.1/../../../../arm-none-eabi/lib/thumb/v6-m/nofp/libcr_c.a(remove.o)
 .comment       0x000000000000004d       0x4e /usr/local/mcuxpressoide-11.4.1_6260/ide/plugins/com.nxp.mcuxpresso.tools.linux_11.4.0.202103011116/tools/bin/../lib/gcc/arm-none-eabi/10.2.1/../../../../arm-none-eabi/lib/thumb/v6-m/nofp/libcr_c.a(strlen.o)
 .comment       0x000000000000004d       0x4e /usr/local/mcuxpressoide-11.4.1_6260/ide/plugins/com.nxp.mcuxpresso.tools.linux_11.4.0.202103011116/tools/bin/../lib/gcc/arm-none-eabi/10.2.1/../../../../arm-none-eabi/lib/thumb/v6-m/nofp/libcr_c.a(memset.o)
 .comment       0x000000000000004d       0x4e /usr/local/mcuxpressoide-11.4.1_6260/ide/plugins/com.nxp.mcuxpresso.tools.linux_11.4.0.202103011116/tools/bin/../lib/gcc/arm-none-eabi/10.2.1/../../../../arm-none-eabi/lib/thumb/v6-m/nofp/libcr_c.a(_do_fflush.o)
 .comment       0x000000000000004d       0x4e /usr/local/mcuxpressoide-11.4.1_6260/ide/plugins/com.nxp.mcuxpresso.tools.linux_11.4.0.202103011116/tools/bin/../lib/gcc/arm-none-eabi/10.2.1/../../../../arm-none-eabi/lib/thumb/v6-m/nofp/libcr_c.a(_fflush.o)
 .comment       0x000000000000004d       0x4e /usr/local/mcuxpressoide-11.4.1_6260/ide/plugins/com.nxp.mcuxpresso.tools.linux_11.4.0.202103011116/tools/bin/../lib/gcc/arm-none-eabi/10.2.1/../../../../arm-none-eabi/lib/thumb/v6-m/nofp/libcr_c.a(_writebuf.o)
 .comment       0x000000000000004d       0x4e /usr/local/mcuxpressoide-11.4.1_6260/ide/plugins/com.nxp.mcuxpresso.tools.linux_11.4.0.202103011116/tools/bin/../lib/gcc/arm-none-eabi/10.2.1/../../../../arm-none-eabi/lib/thumb/v6-m/nofp/libcr_c.a(alloc.o)
 .comment       0x000000000000004d       0x4e /usr/local/mcuxpressoide-11.4.1_6260/ide/plugins/com.nxp.mcuxpresso.tools.linux_11.4.0.202103011116/tools/bin/../lib/gcc/arm-none-eabi/10.2.1/../../../../arm-none-eabi/lib/thumb/v6-m/nofp/libcr_c.a(errno.o)
 .comment       0x000000000000004d       0x4e /usr/local/mcuxpressoide-11.4.1_6260/ide/plugins/com.nxp.mcuxpresso.tools.linux_11.4.0.202103011116/tools/bin/../lib/gcc/arm-none-eabi/10.2.1/../../../../arm-none-eabi/lib/thumb/v6-m/nofp/libcr_c.a(_deferredlazyseek.o)
 .comment       0x000000000000004d       0x4e /usr/local/mcuxpressoide-11.4.1_6260/ide/plugins/com.nxp.mcuxpresso.tools.linux_11.4.0.202103011116/tools/bin/../lib/gcc/arm-none-eabi/10.2.1/../../../../arm-none-eabi/lib/thumb/v6-m/nofp/libcr_semihost.a(__ciob.o)

.ARM.attributes
                0x0000000000000000       0x2a
 .ARM.attributes
                0x0000000000000000       0x2c ./src/Base_TP_II1.o
 .ARM.attributes
                0x000000000000002c       0x2c ./src/MCUXpresso_cr_startup.o
 .ARM.attributes
                0x0000000000000058       0x31 ./src/MCUXpresso_crp.o
 .ARM.attributes
                0x0000000000000089       0x2c ./src/lib_ENS_II1_lcd.o
 .ARM.attributes
                0x00000000000000b5       0x2c ./src/system.o
 .ARM.attributes
                0x00000000000000e1       0x2c /home/tinylinux/Dev/MCUXpresso_11.4.1_6260/workspace/peripherals_lib/flash/libperipherals_lib.a(i2c.o)
 .ARM.attributes
                0x000000000000010d       0x2c /usr/local/mcuxpressoide-11.4.1_6260/ide/plugins/com.nxp.mcuxpresso.tools.linux_11.4.0.202103011116/tools/bin/../lib/gcc/arm-none-eabi/10.2.1/../../../../arm-none-eabi/lib/thumb/v6-m/nofp/libcr_semihost.a(_cr__main.o)
 .ARM.attributes
                0x0000000000000139       0x2c /usr/local/mcuxpressoide-11.4.1_6260/ide/plugins/com.nxp.mcuxpresso.tools.linux_11.4.0.202103011116/tools/bin/../lib/gcc/arm-none-eabi/10.2.1/../../../../arm-none-eabi/lib/thumb/v6-m/nofp/libcr_c.a(initio.o)
 .ARM.attributes
                0x0000000000000165       0x2c /usr/local/mcuxpressoide-11.4.1_6260/ide/plugins/com.nxp.mcuxpresso.tools.linux_11.4.0.202103011116/tools/bin/../lib/gcc/arm-none-eabi/10.2.1/../../../../arm-none-eabi/lib/thumb/v6-m/nofp/libcr_c.a(itoa.o)
 .ARM.attributes
                0x0000000000000191       0x2c /usr/local/mcuxpressoide-11.4.1_6260/ide/plugins/com.nxp.mcuxpresso.tools.linux_11.4.0.202103011116/tools/bin/../lib/gcc/arm-none-eabi/10.2.1/../../../../arm-none-eabi/lib/thumb/v6-m/nofp/libcr_c.a(setvbuf.o)
 .ARM.attributes
                0x00000000000001bd       0x2c /usr/local/mcuxpressoide-11.4.1_6260/ide/plugins/com.nxp.mcuxpresso.tools.linux_11.4.0.202103011116/tools/bin/../lib/gcc/arm-none-eabi/10.2.1/../../../../arm-none-eabi/lib/thumb/v6-m/nofp/libcr_c.a(_fdopen.o)
 .ARM.attributes
                0x00000000000001e9       0x2c /usr/local/mcuxpressoide-11.4.1_6260/ide/plugins/com.nxp.mcuxpresso.tools.linux_11.4.0.202103011116/tools/bin/../lib/gcc/arm-none-eabi/10.2.1/../../../../arm-none-eabi/lib/thumb/v6-m/nofp/libcr_c.a(fclose.o)
 .ARM.attributes
                0x0000000000000215       0x2c /usr/local/mcuxpressoide-11.4.1_6260/ide/plugins/com.nxp.mcuxpresso.tools.linux_11.4.0.202103011116/tools/bin/../lib/gcc/arm-none-eabi/10.2.1/../../../../arm-none-eabi/lib/thumb/v6-m/nofp/libcr_c.a(fflush.o)
 .ARM.attributes
                0x0000000000000241       0x2c /usr/local/mcuxpressoide-11.4.1_6260/ide/plugins/com.nxp.mcuxpresso.tools.linux_11.4.0.202103011116/tools/bin/../lib/gcc/arm-none-eabi/10.2.1/../../../../arm-none-eabi/lib/thumb/v6-m/nofp/libcr_c.a(fseek.o)
 .ARM.attributes
                0x000000000000026d       0x2c /usr/local/mcuxpressoide-11.4.1_6260/ide/plugins/com.nxp.mcuxpresso.tools.linux_11.4.0.202103011116/tools/bin/../lib/gcc/arm-none-eabi/10.2.1/../../../../arm-none-eabi/lib/thumb/v6-m/nofp/libcr_c.a(ftell.o)
 .ARM.attributes
                0x0000000000000299       0x2c /usr/local/mcuxpressoide-11.4.1_6260/ide/plugins/com.nxp.mcuxpresso.tools.linux_11.4.0.202103011116/tools/bin/../lib/gcc/arm-none-eabi/10.2.1/../../../../arm-none-eabi/lib/thumb/v6-m/nofp/libcr_c.a(remove.o)
 .ARM.attributes
                0x00000000000002c5       0x2c /usr/local/mcuxpressoide-11.4.1_6260/ide/plugins/com.nxp.mcuxpresso.tools.linux_11.4.0.202103011116/tools/bin/../lib/gcc/arm-none-eabi/10.2.1/../../../../arm-none-eabi/lib/thumb/v6-m/nofp/libcr_c.a(strlen.o)
 .ARM.attributes
                0x00000000000002f1       0x2c /usr/local/mcuxpressoide-11.4.1_6260/ide/plugins/com.nxp.mcuxpresso.tools.linux_11.4.0.202103011116/tools/bin/../lib/gcc/arm-none-eabi/10.2.1/../../../../arm-none-eabi/lib/thumb/v6-m/nofp/libcr_c.a(memset.o)
 .ARM.attributes
                0x000000000000031d       0x2c /usr/local/mcuxpressoide-11.4.1_6260/ide/plugins/com.nxp.mcuxpresso.tools.linux_11.4.0.202103011116/tools/bin/../lib/gcc/arm-none-eabi/10.2.1/../../../../arm-none-eabi/lib/thumb/v6-m/nofp/libcr_c.a(_do_fflush.o)
 .ARM.attributes
                0x0000000000000349       0x2c /usr/local/mcuxpressoide-11.4.1_6260/ide/plugins/com.nxp.mcuxpresso.tools.linux_11.4.0.202103011116/tools/bin/../lib/gcc/arm-none-eabi/10.2.1/../../../../arm-none-eabi/lib/thumb/v6-m/nofp/libcr_c.a(_fflush.o)
 .ARM.attributes
                0x0000000000000375       0x2c /usr/local/mcuxpressoide-11.4.1_6260/ide/plugins/com.nxp.mcuxpresso.tools.linux_11.4.0.202103011116/tools/bin/../lib/gcc/arm-none-eabi/10.2.1/../../../../arm-none-eabi/lib/thumb/v6-m/nofp/libcr_c.a(_writebuf.o)
 .ARM.attributes
                0x00000000000003a1       0x2c /usr/local/mcuxpressoide-11.4.1_6260/ide/plugins/com.nxp.mcuxpresso.tools.linux_11.4.0.202103011116/tools/bin/../lib/gcc/arm-none-eabi/10.2.1/../../../../arm-none-eabi/lib/thumb/v6-m/nofp/libcr_c.a(alloc.o)
 .ARM.attributes
                0x00000000000003cd       0x31 /usr/local/mcuxpressoide-11.4.1_6260/ide/plugins/com.nxp.mcuxpresso.tools.linux_11.4.0.202103011116/tools/bin/../lib/gcc/arm-none-eabi/10.2.1/../../../../arm-none-eabi/lib/thumb/v6-m/nofp/libcr_c.a(errno.o)
 .ARM.attributes
                0x00000000000003fe       0x2c /usr/local/mcuxpressoide-11.4.1_6260/ide/plugins/com.nxp.mcuxpresso.tools.linux_11.4.0.202103011116/tools/bin/../lib/gcc/arm-none-eabi/10.2.1/../../../../arm-none-eabi/lib/thumb/v6-m/nofp/libcr_c.a(_deferredlazyseek.o)
 .ARM.attributes
                0x000000000000042a       0x1c /usr/local/mcuxpressoide-11.4.1_6260/ide/plugins/com.nxp.mcuxpresso.tools.linux_11.4.0.202103011116/tools/bin/../lib/gcc/arm-none-eabi/10.2.1/thumb/v6-m/nofp/libcr_eabihelpers.a(division_32.o)
 .ARM.attributes
                0x0000000000000446       0x1c /usr/local/mcuxpressoide-11.4.1_6260/ide/plugins/com.nxp.mcuxpresso.tools.linux_11.4.0.202103011116/tools/bin/../lib/gcc/arm-none-eabi/10.2.1/thumb/v6-m/nofp/libcr_eabihelpers.a(division_idiv0.o)
 .ARM.attributes
                0x0000000000000462       0x1c /usr/local/mcuxpressoide-11.4.1_6260/ide/plugins/com.nxp.mcuxpresso.tools.linux_11.4.0.202103011116/tools/bin/../lib/gcc/arm-none-eabi/10.2.1/thumb/v6-m/nofp/libcr_eabihelpers.a(memcpy.o)
 .ARM.attributes
                0x000000000000047e       0x31 /usr/local/mcuxpressoide-11.4.1_6260/ide/plugins/com.nxp.mcuxpresso.tools.linux_11.4.0.202103011116/tools/bin/../lib/gcc/arm-none-eabi/10.2.1/../../../../arm-none-eabi/lib/thumb/v6-m/nofp/libcr_semihost.a(__ciob.o)
 .ARM.attributes
                0x00000000000004af       0x1c /usr/local/mcuxpressoide-11.4.1_6260/ide/plugins/com.nxp.mcuxpresso.tools.linux_11.4.0.202103011116/tools/bin/../lib/gcc/arm-none-eabi/10.2.1/../../../../arm-none-eabi/lib/thumb/v6-m/nofp/libcr_semihost.a(__sys_close.o)
 .ARM.attributes
                0x00000000000004cb       0x1c /usr/local/mcuxpressoide-11.4.1_6260/ide/plugins/com.nxp.mcuxpresso.tools.linux_11.4.0.202103011116/tools/bin/../lib/gcc/arm-none-eabi/10.2.1/../../../../arm-none-eabi/lib/thumb/v6-m/nofp/libcr_semihost.a(__sys_flen.o)
 .ARM.attributes
                0x00000000000004e7       0x1c /usr/local/mcuxpressoide-11.4.1_6260/ide/plugins/com.nxp.mcuxpresso.tools.linux_11.4.0.202103011116/tools/bin/../lib/gcc/arm-none-eabi/10.2.1/../../../../arm-none-eabi/lib/thumb/v6-m/nofp/libcr_semihost.a(__sys_istty.o)
 .ARM.attributes
                0x0000000000000503       0x1c /usr/local/mcuxpressoide-11.4.1_6260/ide/plugins/com.nxp.mcuxpresso.tools.linux_11.4.0.202103011116/tools/bin/../lib/gcc/arm-none-eabi/10.2.1/../../../../arm-none-eabi/lib/thumb/v6-m/nofp/libcr_semihost.a(__sys_remove.o)
 .ARM.attributes
                0x000000000000051f       0x1c /usr/local/mcuxpressoide-11.4.1_6260/ide/plugins/com.nxp.mcuxpresso.tools.linux_11.4.0.202103011116/tools/bin/../lib/gcc/arm-none-eabi/10.2.1/../../../../arm-none-eabi/lib/thumb/v6-m/nofp/libcr_semihost.a(__sys_seek.o)
 .ARM.attributes
                0x000000000000053b       0x1c /usr/local/mcuxpressoide-11.4.1_6260/ide/plugins/com.nxp.mcuxpresso.tools.linux_11.4.0.202103011116/tools/bin/../lib/gcc/arm-none-eabi/10.2.1/../../../../arm-none-eabi/lib/thumb/v6-m/nofp/libcr_semihost.a(__sys_tmpnam.o)
 .ARM.attributes
                0x0000000000000557       0x1c /usr/local/mcuxpressoide-11.4.1_6260/ide/plugins/com.nxp.mcuxpresso.tools.linux_11.4.0.202103011116/tools/bin/../lib/gcc/arm-none-eabi/10.2.1/../../../../arm-none-eabi/lib/thumb/v6-m/nofp/libcr_semihost.a(__sys_write.o)

.debug_frame    0x0000000000000000      0x310
 .debug_frame   0x0000000000000000       0x68 ./src/Base_TP_II1.o
 .debug_frame   0x0000000000000068      0x118 ./src/MCUXpresso_cr_startup.o
 .debug_frame   0x0000000000000180       0xb0 ./src/lib_ENS_II1_lcd.o
 .debug_frame   0x0000000000000230       0x50 ./src/system.o
 .debug_frame   0x0000000000000280       0x90 /home/tinylinux/Dev/MCUXpresso_11.4.1_6260/workspace/peripherals_lib/flash/libperipherals_lib.a(i2c.o)
